// Jest Snapshot v1, https://goo.gl/fbAQLP

exports[`<SongsList /> should render and match the snapshot 1`] = `
<body>
  <div>
    <div
      class="SongList"
      data-testid="songs-list"
    >
      <div
        class="ant-card ant-card-bordered ant-card-hoverable"
        style="width: 200px; margin-top: 30px; background-color: rgb(245, 245, 245);"
      >
        <div
          class="ant-card-cover"
        >
          <img
            src="https://is4-ssl.mzstatic.com/image/thumb/Music/a0/74/81/mzi.ybszkvnq.tif/100x100bb.jpg"
          />
        </div>
        <div
          class="ant-card-body"
        >
          <div
            class="ant-card-meta"
          >
            <div
              class="ant-card-meta-detail"
            >
              <div
                class="ant-card-meta-title"
              >
                <p
                  class="T__StyledText-sc-apdcd0-0 fjJkvM"
                  data-testid="t"
                  display="block"
                >
                  Little Dragon
                </p>
              </div>
            </div>
          </div>
          <div
            class="AudioPlayerContainer"
          >
            <audio
              controls=""
              src="https://audio-ssl.itunes.apple.com/itunes-assets/AudioPreview115/v4/af/83/79/af837916-90f9-d503-bf08-13ffb9957f21/mzaf_16662673119862695322.plus.aac.p.m4a"
            />
          </div>
        </div>
      </div>
    </div>
  </div>
</body>
`;
